// Jest Snapshot v1, https://goo.gl/fbAQLP

exports[`Popup platform is configured to display macOS and Linux by default 1`] = `
<div
  className="bg-gray-100 p-2"
  id="popup"
>
  <nav
    className="mb-2 flex space-x-4"
  >
    <a
      className="bg-gray-200 text-gray-900 rounded-md px-3 py-2 text-sm font-medium"
      href="#"
      onClick={[Function]}
    >
      macOS and Linux
    </a>
    <a
      className="text-gray-500 hover:text-gray-700 rounded-md px-3 py-2 text-sm font-medium"
      href="#"
      onClick={[Function]}
    >
      Windows
    </a>
    <a
      className="text-gray-500 hover:text-gray-700 rounded-md px-3 py-2 text-sm font-medium"
      href="#"
      onClick={[Function]}
    >
      PowerShell
    </a>
  </nav>
  <div
    className="text-xs"
  >
    <p
      className="mb-2 p-1"
    >
      <strong>
        Option 1: 
      </strong>
      Run the following commands in your terminal.
    </p>
    <div
      className="group relative mb-2 border "
    >
      <pre
        className="overflow-x-scroll border bg-gray-100 p-2"
        onClick={[Function]}
        onMouseEnter={[Function]}
        onMouseLeave={[Function]}
      >
        <code
          className="font-mono"
        >
          export AWS_ACCESS_KEY_ID=""
export AWS_SECRET_ACCESS_KEY=""
export AWS_SESSION_TOKEN=""
        </code>
      </pre>
    </div>
  </div>
  <div
    className="text-xs"
  >
    <p
      className="mb-2 p-1"
    >
      <strong>
        Option 2: 
      </strong>
      Paste the following text into your AWS credentials file.
    </p>
    <div
      className="group relative mb-2 border "
    >
      <pre
        className="overflow-x-scroll border bg-gray-100 p-2"
        onClick={[Function]}
        onMouseEnter={[Function]}
        onMouseLeave={[Function]}
      >
        <code
          className="font-mono"
        >
          [default]
aws_access_key_id = 
aws_secret_access_key = 
aws_session_token = 
        </code>
      </pre>
    </div>
  </div>
</div>
`;
